
> vite_react_shadcn_ts@0.0.0 build
> vite build

[36mvite v5.4.19 [32mbuilding for production...[36m[39m
transforming...
[32mÔ£ô[39m 3410 modules transformed.
rendering chunks...
node.exe : [1m[33m[pl
ugin:vite:reporter][39
m[22m [33m[plugin 
vite:reporter] 
At line:1 char:1
+ & "C:\Program 
Files\nodejs/node.exe" 
"C:\Program 
Files\nodejs/node_mo 
...
+ ~~~~~~~~~~~~~~~~~~~~~
~~~~~~~~~~~~~~~~~~~~~~~
~~~~~~~~~~~~~~~~~~~~~~~
~~
    + CategoryInfo     
         : NotSpecifi  
  ed: ([1m[33m[plu   
 gi...vite:reporter    
] :String) [], Rem    
oteException
    + FullyQualifiedEr 
   rorId : NativeComm  
  andError
 
(!) C:/Users/HP/Downloa
ds/exam-edge-main2/exam
-edge-main/src/config/s
upabase.ts is 
dynamically imported 
by C:/Users/HP/Download
s/exam-edge-main2/exam-
edge-main/src/component
s/admin/AdminLayout.tsx
, C:/Users/HP/Downloads
/exam-edge-main2/exam-e
dge-main/src/hooks/data
/useCourses.ts, C:/User
s/HP/Downloads/exam-edg
e-main2/exam-edge-main/
src/pages/student/Batch
Detail.tsx but also 
statically imported by 
C:/Users/HP/Downloads/e
xam-edge-main2/exam-edg
e-main/src/app/provider
s/TenantProvider.tsx, C
:/Users/HP/Downloads/ex
am-edge-main2/exam-edge
-main/src/components/ad
min/AdminProtectedRoute
.tsx, C:/Users/HP/Downl
oads/exam-edge-main2/ex
am-edge-main/src/compon
ents/student/ZoomPlayer
.tsx, C:/Users/HP/Downl
oads/exam-edge-main2/ex
am-edge-main/src/contex
ts/AuthContext.tsx, C:/
Users/HP/Downloads/exam
-edge-main2/exam-edge-m
ain/src/contexts/ExamGo
alContext.tsx, C:/Users
/HP/Downloads/exam-edge
-main2/exam-edge-main/s
rc/contexts/SuperAdminA
uthContext.tsx, C:/User
s/HP/Downloads/exam-edg
e-main2/exam-edge-main/
src/hooks/data/useBatch
es.ts, C:/Users/HP/Down
loads/exam-edge-main2/e
xam-edge-main/src/hooks
/data/useExamGoals.ts, 
C:/Users/HP/Downloads/e
xam-edge-main2/exam-edg
e-main/src/hooks/data/u
seFinanceMetrics.ts, C:
/Users/HP/Downloads/exa
m-edge-main2/exam-edge-
main/src/hooks/data/use
Institutes.ts, C:/Users
/HP/Downloads/exam-edge
-main2/exam-edge-main/s
rc/hooks/data/useLiveCl
asses.ts, C:/Users/HP/D
ownloads/exam-edge-main
2/exam-edge-main/src/ho
oks/data/usePlan.ts, C:
/Users/HP/Downloads/exa
m-edge-main2/exam-edge-
main/src/hooks/data/use
SaasPlans.ts, C:/Users/
HP/Downloads/exam-edge-
main2/exam-edge-main/sr
c/hooks/data/useStorage
Stats.ts, C:/Users/HP/D
ownloads/exam-edge-main
2/exam-edge-main/src/ho
oks/data/useStudyMateri
als.ts, C:/Users/HP/Dow
nloads/exam-edge-main2/
exam-edge-main/src/hook
s/data/useSuperAdminMet
rics.ts, C:/Users/HP/Do
wnloads/exam-edge-main2
/exam-edge-main/src/hoo
ks/data/useTestQuestion
s.ts, C:/Users/HP/Downl
oads/exam-edge-main2/ex
am-edge-main/src/hooks/
data/useTests.ts, C:/Us
ers/HP/Downloads/exam-e
dge-main2/exam-edge-mai
n/src/pages/admin/Brand
ing.tsx, C:/Users/HP/Do
wnloads/exam-edge-main2
/exam-edge-main/src/pag
es/admin/LiveClassForm.
tsx, C:/Users/HP/Downlo
ads/exam-edge-main2/exa
m-edge-main/src/pages/a
dmin/Login.tsx, C:/User
s/HP/Downloads/exam-edg
e-main2/exam-edge-main/
src/pages/admin/Setting
s.tsx, C:/Users/HP/Down
loads/exam-edge-main2/e
xam-edge-main/src/pages
/admin/StudentForm.tsx,
 C:/Users/HP/Downloads/
exam-edge-main2/exam-ed
ge-main/src/pages/admin
/SupportTickets.tsx, C:
/Users/HP/Downloads/exa
m-edge-main2/exam-edge-
main/src/pages/admin/se
ttings/ExamGoalsSetting
s.tsx, C:/Users/HP/Down
loads/exam-edge-main2/e
xam-edge-main/src/pages
/admin/settings/Integra
tionsSettings.tsx, C:/U
sers/HP/Downloads/exam-
edge-main2/exam-edge-ma
in/src/pages/admin/sett
ings/StaffSettings.tsx,
 C:/Users/HP/Downloads/
exam-edge-main2/exam-ed
ge-main/src/pages/stude
nt/Batches.tsx, C:/User
s/HP/Downloads/exam-edg
e-main2/exam-edge-main/
src/pages/student/Help.
tsx, C:/Users/HP/Downlo
ads/exam-edge-main2/exa
m-edge-main/src/pages/s
tudent/Login.tsx, C:/Us
ers/HP/Downloads/exam-e
dge-main2/exam-edge-mai
n/src/pages/student/Log
inTest.tsx, C:/Users/HP
/Downloads/exam-edge-ma
in2/exam-edge-main/src/
pages/student/Settings.
tsx, C:/Users/HP/Downlo
ads/exam-edge-main2/exa
m-edge-main/src/pages/s
uperadmin/Finance.tsx, 
C:/Users/HP/Downloads/e
xam-edge-main2/exam-edg
e-main/src/pages/supera
dmin/Institutes.tsx, C:
/Users/HP/Downloads/exa
m-edge-main2/exam-edge-
main/src/pages/superadm
in/settings/GlobalExamG
oals.tsx, C:/Users/HP/D
ownloads/exam-edge-main
2/exam-edge-main/src/se
rvices/admin/studentMan
agement.service.ts, C:/
Users/HP/Downloads/exam
-edge-main2/exam-edge-m
ain/src/services/api/an
nouncement.service.ts, 
C:/Users/HP/Downloads/e
xam-edge-main2/exam-edg
e-main/src/services/api
/banner.service.ts, C:/
Users/HP/Downloads/exam
-edge-main2/exam-edge-m
ain/src/services/api/ba
tch.service.ts, C:/User
s/HP/Downloads/exam-edg
e-main2/exam-edge-main/
src/services/api/course
.service.ts, C:/Users/H
P/Downloads/exam-edge-m
ain2/exam-edge-main/src
/services/api/enrollmen
t.service.ts, C:/Users/
HP/Downloads/exam-edge-
main2/exam-edge-main/sr
c/services/api/lead.ser
vice.ts, C:/Users/HP/Do
wnloads/exam-edge-main2
/exam-edge-main/src/ser
vices/api/payment.servi
ce.ts, C:/Users/HP/Down
loads/exam-edge-main2/e
xam-edge-main/src/servi
ces/api/role.service.ts
, C:/Users/HP/Downloads
/exam-edge-main2/exam-e
dge-main/src/services/a
pi/staffPayment.service
.ts, C:/Users/HP/Downlo
ads/exam-edge-main2/exa
m-edge-main/src/service
s/api/user.service.ts, 
C:/Users/HP/Downloads/e
xam-edge-main2/exam-edg
e-main/src/services/aut
h/studentAuth.service.t
s, C:/Users/HP/Download
s/exam-edge-main2/exam-
edge-main/src/services/
r2.service.ts, dynamic 
import will not move 
module into another 
chunk.
[39m
[1m[33m[plugin:vite:r
eporter][39m[22m 
[33m[plugin 
vite:reporter] 
(!) C:/Users/HP/Downloa
ds/exam-edge-main2/exam
-edge-main/src/services
/r2.service.ts is 
dynamically imported 
by C:/Users/HP/Download
s/exam-edge-main2/exam-
edge-main/src/hooks/dat
a/useCourses.ts, C:/Use
rs/HP/Downloads/exam-ed
ge-main2/exam-edge-main
/src/hooks/data/useStud
yMaterials.ts but also 
statically imported by 
C:/Users/HP/Downloads/e
xam-edge-main2/exam-edg
e-main/src/hooks/data/u
seStorage.ts, C:/Users/
HP/Downloads/exam-edge-
main2/exam-edge-main/sr
c/pages/admin/BatchDeta
il.tsx, C:/Users/HP/Dow
nloads/exam-edge-main2/
exam-edge-main/src/page
s/admin/Batches.tsx, C:
/Users/HP/Downloads/exa
m-edge-main2/exam-edge-
main/src/pages/admin/Br
anding.tsx, C:/Users/HP
/Downloads/exam-edge-ma
in2/exam-edge-main/src/
pages/admin/ContentForm
.tsx, C:/Users/HP/Downl
oads/exam-edge-main2/ex
am-edge-main/src/pages/
admin/StudentForm.tsx, 
C:/Users/HP/Downloads/e
xam-edge-main2/exam-edg
e-main/src/pages/admin/
settings/StorageSetting
s.tsx, C:/Users/HP/Down
loads/exam-edge-main2/e
xam-edge-main/src/pages
/student/Settings.tsx, 
dynamic import will 
not move module into 
another chunk.
[39m
computing gzip size...
[2mdist/[22m[32mregisterSW.js                       [39m[1m[2m    0.13 kB[22m[1m[22m
[2mdist/[22m[32mmanifest.webmanifest                [39m[1m[2m    0.50 kB[22m[1m[22m
[2mdist/[22m[32mindex.html                          [39m[1m[2m    1.52 kB[22m[1m[22m[2m Ôöé gzip:   0.59 kB[22m
[2mdist/[22m[35massets/index-Be15ie-1.css           [39m[1m[2m  139.62 kB[22m[1m[22m[2m Ôöé gzip:  21.29 kB[22m
[2mdist/[22m[36massets/web-D-J-Jebb.js              [39m[1m[2m    0.90 kB[22m[1m[22m[2m Ôöé gzip:   0.42 kB[22m
[2mdist/[22m[36massets/web-DBrgUowr.js              [39m[1m[2m    1.20 kB[22m[1m[22m[2m Ôöé gzip:   0.41 kB[22m
[2mdist/[22m[36massets/index-Cpz00Ypu.js            [39m[1m[2m   20.16 kB[22m[1m[22m[2m Ôöé gzip:   9.01 kB[22m
[2mdist/[22m[36massets/vendor-query-CrmtKx6z.js     [39m[1m[2m   40.86 kB[22m[1m[22m[2m Ôöé gzip:  12.17 kB[22m
[2mdist/[22m[36massets/vendor-react-D494wxKo.js     [39m[1m[2m  163.10 kB[22m[1m[22m[2m Ôöé gzip:  53.21 kB[22m
[2mdist/[22m[36massets/vendor-ui-f_7nwYkg.js        [39m[1m[2m  173.45 kB[22m[1m[22m[2m Ôöé gzip:  50.92 kB[22m
[2mdist/[22m[36massets/vendor-supabase-D_2IiIQD.js  [39m[1m[2m  173.49 kB[22m[1m[22m[2m Ôöé gzip:  45.79 kB[22m
[2mdist/[22m[36massets/index-Bu2vmxIH.js            [39m[1m[2m1,833.42 kB[22m[1m[22m[2m Ôöé gzip: 497.91 kB[22m
[2mdist/[22m[36massets/embedded-C8cUE505.js         [39m[1m[33m3,097.03 kB[39m[22m[2m Ôöé gzip: 953.44 kB[22m
[33m
(!) Some chunks are 
larger than 3000 kB 
after minification. 
Consider:
- Using dynamic 
import() to code-split 
the application
- Use build.rollupOptio
ns.output.manualChunks 
to improve chunking: ht
tps://rollupjs.org/conf
iguration-options/#outp
ut-manualchunks
- Adjust chunk size 
limit for this warning 
via build.chunkSizeWarn
ingLimit.[39m
[32mÔ£ô built in 9.85s[39m
[31merror during 
build:
Error: 
  Configure "workbox.ma
ximumFileSizeToCacheInB
ytes" to change the 
limit: the default 
value is 2 MiB.
  Check https://vite-pw
a-org.netlify.app/guide
/faq.html#missing-asset
s-from-sw-precache-mani
fest for more 
information.
  Assets exceeding the 
limit:
  - assets/embedded-C8c
UE505.js is 3.19 MB, 
and won't be precached.

    at 
logWorkboxResult (file:
///C:/Users/HP/Download
s/exam-edge-main2/exam-
edge-main/node_modules/
vite-plugin-pwa/dist/ch
unk-G4TAN34B.js:44:13)
    at 
generateServiceWorker (
file:///C:/Users/HP/Dow
nloads/exam-edge-main2/
exam-edge-main/node_mod
ules/vite-plugin-pwa/di
st/index.js:209:3)
    at async 
_generateSW (file:///C:
/Users/HP/Downloads/exa
m-edge-main2/exam-edge-
main/node_modules/vite-
plugin-pwa/dist/index.j
s:234:5)
    at async 
Object.handler (file://
/C:/Users/HP/Downloads/
exam-edge-main2/exam-ed
ge-main/node_modules/vi
te-plugin-pwa/dist/inde
x.js:427:13)
    at async PluginDriv
er.hookParallel (file:/
//C:/Users/HP/Downloads
/exam-edge-main2/exam-e
dge-main/node_modules/r
ollup/dist/es/shared/no
de-entry.js:20652:17)
    at async 
Object.close (file:///C
:/Users/HP/Downloads/ex
am-edge-main2/exam-edge
-main/node_modules/roll
up/dist/es/shared/node-
entry.js:21627:13)
    at async build (fil
e:///C:/Users/HP/Downlo
ads/exam-edge-main2/exa
m-edge-main/node_module
s/vite/dist/node/chunks
/dep-C6uTJdX2.js:65716:
17)
    at async 
CAC.<anonymous> (file:/
//C:/Users/HP/Downloads
/exam-edge-main2/exam-e
dge-main/node_modules/v
ite/dist/node/cli.js:82
9:5)[39m
